/Users/giladgang/momentum_regime/.venv/lib/python3.12/site-packages/sklearn/neural_network/_multilayer_perceptron.py:785: ConvergenceWarning: Stochastic Optimizer: Maximum iterations (2000) reached and the optimization hasn't converged yet.
  warnings.warn(
/Users/giladgang/momentum_regime/.venv/lib/python3.12/site-packages/sklearn/neural_network/_multilayer_perceptron.py:785: ConvergenceWarning: Stochastic Optimizer: Maximum iterations (2000) reached and the optimization hasn't converged yet.
  warnings.warn(
/Users/giladgang/momentum_regime/.venv/lib/python3.12/site-packages/sklearn/neural_network/_multilayer_perceptron.py:785: ConvergenceWarning: Stochastic Optimizer: Maximum iterations (2000) reached and the optimization hasn't converged yet.
  warnings.warn(
/Users/giladgang/momentum_regime/.venv/lib/python3.12/site-packages/sklearn/neural_network/_multilayer_perceptron.py:785: ConvergenceWarning: Stochastic Optimizer: Maximum iterations (2000) reached and the optimization hasn't converged yet.
  warnings.warn(
/Users/giladgang/momentum_regime/.venv/lib/python3.12/site-packages/sklearn/neural_network/_multilayer_perceptron.py:785: ConvergenceWarning: Stochastic Optimizer: Maximum iterations (2000) reached and the optimization hasn't converged yet.
  warnings.warn(
/Users/giladgang/momentum_regime/.venv/lib/python3.12/site-packages/sklearn/neural_network/_multilayer_perceptron.py:785: ConvergenceWarning: Stochastic Optimizer: Maximum iterations (2000) reached and the optimization hasn't converged yet.
  warnings.warn(
/Users/giladgang/momentum_regime/.venv/lib/python3.12/site-packages/sklearn/neural_network/_multilayer_perceptron.py:785: ConvergenceWarning: Stochastic Optimizer: Maximum iterations (2000) reached and the optimization hasn't converged yet.
  warnings.warn(
/Users/giladgang/momentum_regime/.venv/lib/python3.12/site-packages/sklearn/neural_network/_multilayer_perceptron.py:785: ConvergenceWarning: Stochastic Optimizer: Maximum iterations (2000) reached and the optimization hasn't converged yet.
  warnings.warn(
/Users/giladgang/momentum_regime/.venv/lib/python3.12/site-packages/sklearn/neural_network/_multilayer_perceptron.py:785: ConvergenceWarning: Stochastic Optimizer: Maximum iterations (2000) reached and the optimization hasn't converged yet.
  warnings.warn(
/Users/giladgang/momentum_regime/.venv/lib/python3.12/site-packages/sklearn/neural_network/_multilayer_perceptron.py:785: ConvergenceWarning: Stochastic Optimizer: Maximum iterations (2000) reached and the optimization hasn't converged yet.
  warnings.warn(
/Users/giladgang/momentum_regime/.venv/lib/python3.12/site-packages/sklearn/neural_network/_multilayer_perceptron.py:785: ConvergenceWarning: Stochastic Optimizer: Maximum iterations (2000) reached and the optimization hasn't converged yet.
  warnings.warn(
[profitability] lam=0.0 done (10 rows)
/Users/giladgang/momentum_regime/.venv/lib/python3.12/site-packages/sklearn/neural_network/_multilayer_perceptron.py:785: ConvergenceWarning: Stochastic Optimizer: Maximum iterations (2000) reached and the optimization hasn't converged yet.
  warnings.warn(
/Users/giladgang/momentum_regime/.venv/lib/python3.12/site-packages/sklearn/neural_network/_multilayer_perceptron.py:785: ConvergenceWarning: Stochastic Optimizer: Maximum iterations (2000) reached and the optimization hasn't converged yet.
  warnings.warn(
/Users/giladgang/momentum_regime/.venv/lib/python3.12/site-packages/sklearn/neural_network/_multilayer_perceptron.py:785: ConvergenceWarning: Stochastic Optimizer: Maximum iterations (2000) reached and the optimization hasn't converged yet.
  warnings.warn(
/Users/giladgang/momentum_regime/.venv/lib/python3.12/site-packages/sklearn/neural_network/_multilayer_perceptron.py:785: ConvergenceWarning: Stochastic Optimizer: Maximum iterations (2000) reached and the optimization hasn't converged yet.
  warnings.warn(
/Users/giladgang/momentum_regime/.venv/lib/python3.12/site-packages/sklearn/neural_network/_multilayer_perceptron.py:785: ConvergenceWarning: Stochastic Optimizer: Maximum iterations (2000) reached and the optimization hasn't converged yet.
  warnings.warn(
/Users/giladgang/momentum_regime/.venv/lib/python3.12/site-packages/sklearn/neural_network/_multilayer_perceptron.py:785: ConvergenceWarning: Stochastic Optimizer: Maximum iterations (2000) reached and the optimization hasn't converged yet.
  warnings.warn(
/Users/giladgang/momentum_regime/.venv/lib/python3.12/site-packages/sklearn/neural_network/_multilayer_perceptron.py:785: ConvergenceWarning: Stochastic Optimizer: Maximum iterations (2000) reached and the optimization hasn't converged yet.
  warnings.warn(
/Users/giladgang/momentum_regime/.venv/lib/python3.12/site-packages/sklearn/neural_network/_multilayer_perceptron.py:785: ConvergenceWarning: Stochastic Optimizer: Maximum iterations (2000) reached and the optimization hasn't converged yet.
  warnings.warn(
/Users/giladgang/momentum_regime/.venv/lib/python3.12/site-packages/sklearn/neural_network/_multilayer_perceptron.py:785: ConvergenceWarning: Stochastic Optimizer: Maximum iterations (2000) reached and the optimization hasn't converged yet.
  warnings.warn(
/Users/giladgang/momentum_regime/.venv/lib/python3.12/site-packages/sklearn/neural_network/_multilayer_perceptron.py:785: ConvergenceWarning: Stochastic Optimizer: Maximum iterations (2000) reached and the optimization hasn't converged yet.
  warnings.warn(
/Users/giladgang/momentum_regime/.venv/lib/python3.12/site-packages/sklearn/neural_network/_multilayer_perceptron.py:785: ConvergenceWarning: Stochastic Optimizer: Maximum iterations (2000) reached and the optimization hasn't converged yet.
  warnings.warn(
/Users/giladgang/momentum_regime/.venv/lib/python3.12/site-packages/sklearn/neural_network/_multilayer_perceptron.py:785: ConvergenceWarning: Stochastic Optimizer: Maximum iterations (2000) reached and the optimization hasn't converged yet.
  warnings.warn(
/Users/giladgang/momentum_regime/.venv/lib/python3.12/site-packages/sklearn/neural_network/_multilayer_perceptron.py:785: ConvergenceWarning: Stochastic Optimizer: Maximum iterations (2000) reached and the optimization hasn't converged yet.
  warnings.warn(
/Users/giladgang/momentum_regime/.venv/lib/python3.12/site-packages/sklearn/neural_network/_multilayer_perceptron.py:785: ConvergenceWarning: Stochastic Optimizer: Maximum iterations (2000) reached and the optimization hasn't converged yet.
  warnings.warn(
/Users/giladgang/momentum_regime/.venv/lib/python3.12/site-packages/sklearn/neural_network/_multilayer_perceptron.py:785: ConvergenceWarning: Stochastic Optimizer: Maximum iterations (2000) reached and the optimization hasn't converged yet.
  warnings.warn(
/Users/giladgang/momentum_regime/.venv/lib/python3.12/site-packages/sklearn/neural_network/_multilayer_perceptron.py:785: ConvergenceWarning: Stochastic Optimizer: Maximum iterations (2000) reached and the optimization hasn't converged yet.
  warnings.warn(
/Users/giladgang/momentum_regime/.venv/lib/python3.12/site-packages/sklearn/neural_network/_multilayer_perceptron.py:785: ConvergenceWarning: Stochastic Optimizer: Maximum iterations (2000) reached and the optimization hasn't converged yet.
  warnings.warn(
/Users/giladgang/momentum_regime/.venv/lib/python3.12/site-packages/sklearn/neural_network/_multilayer_perceptron.py:785: ConvergenceWarning: Stochastic Optimizer: Maximum iterations (2000) reached and the optimization hasn't converged yet.
  warnings.warn(
[profitability] lam=0.5 done (19 rows)
/Users/giladgang/momentum_regime/.venv/lib/python3.12/site-packages/sklearn/neural_network/_multilayer_perceptron.py:785: ConvergenceWarning: Stochastic Optimizer: Maximum iterations (2000) reached and the optimization hasn't converged yet.
  warnings.warn(
/Users/giladgang/momentum_regime/.venv/lib/python3.12/site-packages/sklearn/neural_network/_multilayer_perceptron.py:785: ConvergenceWarning: Stochastic Optimizer: Maximum iterations (2000) reached and the optimization hasn't converged yet.
  warnings.warn(
/Users/giladgang/momentum_regime/.venv/lib/python3.12/site-packages/sklearn/neural_network/_multilayer_perceptron.py:785: ConvergenceWarning: Stochastic Optimizer: Maximum iterations (2000) reached and the optimization hasn't converged yet.
  warnings.warn(
/Users/giladgang/momentum_regime/.venv/lib/python3.12/site-packages/sklearn/neural_network/_multilayer_perceptron.py:785: ConvergenceWarning: Stochastic Optimizer: Maximum iterations (2000) reached and the optimization hasn't converged yet.
  warnings.warn(
/Users/giladgang/momentum_regime/.venv/lib/python3.12/site-packages/sklearn/neural_network/_multilayer_perceptron.py:785: ConvergenceWarning: Stochastic Optimizer: Maximum iterations (2000) reached and the optimization hasn't converged yet.
  warnings.warn(
/Users/giladgang/momentum_regime/.venv/lib/python3.12/site-packages/sklearn/neural_network/_multilayer_perceptron.py:785: ConvergenceWarning: Stochastic Optimizer: Maximum iterations (2000) reached and the optimization hasn't converged yet.
  warnings.warn(
/Users/giladgang/momentum_regime/.venv/lib/python3.12/site-packages/sklearn/neural_network/_multilayer_perceptron.py:785: ConvergenceWarning: Stochastic Optimizer: Maximum iterations (2000) reached and the optimization hasn't converged yet.
  warnings.warn(
/Users/giladgang/momentum_regime/.venv/lib/python3.12/site-packages/sklearn/neural_network/_multilayer_perceptron.py:785: ConvergenceWarning: Stochastic Optimizer: Maximum iterations (2000) reached and the optimization hasn't converged yet.
  warnings.warn(
/Users/giladgang/momentum_regime/.venv/lib/python3.12/site-packages/sklearn/neural_network/_multilayer_perceptron.py:785: ConvergenceWarning: Stochastic Optimizer: Maximum iterations (2000) reached and the optimization hasn't converged yet.
  warnings.warn(
/Users/giladgang/momentum_regime/.venv/lib/python3.12/site-packages/sklearn/neural_network/_multilayer_perceptron.py:785: ConvergenceWarning: Stochastic Optimizer: Maximum iterations (2000) reached and the optimization hasn't converged yet.
  warnings.warn(
/Users/giladgang/momentum_regime/.venv/lib/python3.12/site-packages/sklearn/neural_network/_multilayer_perceptron.py:785: ConvergenceWarning: Stochastic Optimizer: Maximum iterations (2000) reached and the optimization hasn't converged yet.
  warnings.warn(
/Users/giladgang/momentum_regime/.venv/lib/python3.12/site-packages/sklearn/neural_network/_multilayer_perceptron.py:785: ConvergenceWarning: Stochastic Optimizer: Maximum iterations (2000) reached and the optimization hasn't converged yet.
  warnings.warn(
/Users/giladgang/momentum_regime/.venv/lib/python3.12/site-packages/sklearn/neural_network/_multilayer_perceptron.py:785: ConvergenceWarning: Stochastic Optimizer: Maximum iterations (2000) reached and the optimization hasn't converged yet.
  warnings.warn(
/Users/giladgang/momentum_regime/.venv/lib/python3.12/site-packages/sklearn/neural_network/_multilayer_perceptron.py:785: ConvergenceWarning: Stochastic Optimizer: Maximum iterations (2000) reached and the optimization hasn't converged yet.
  warnings.warn(
/Users/giladgang/momentum_regime/.venv/lib/python3.12/site-packages/sklearn/neural_network/_multilayer_perceptron.py:785: ConvergenceWarning: Stochastic Optimizer: Maximum iterations (2000) reached and the optimization hasn't converged yet.
  warnings.warn(
/Users/giladgang/momentum_regime/.venv/lib/python3.12/site-packages/sklearn/neural_network/_multilayer_perceptron.py:785: ConvergenceWarning: Stochastic Optimizer: Maximum iterations (2000) reached and the optimization hasn't converged yet.
  warnings.warn(
[profitability] lam=1.0 done (29 rows)
/Users/giladgang/momentum_regime/.venv/lib/python3.12/site-packages/sklearn/neural_network/_multilayer_perceptron.py:785: ConvergenceWarning: Stochastic Optimizer: Maximum iterations (2000) reached and the optimization hasn't converged yet.
  warnings.warn(
/Users/giladgang/momentum_regime/.venv/lib/python3.12/site-packages/sklearn/neural_network/_multilayer_perceptron.py:785: ConvergenceWarning: Stochastic Optimizer: Maximum iterations (2000) reached and the optimization hasn't converged yet.
  warnings.warn(
/Users/giladgang/momentum_regime/.venv/lib/python3.12/site-packages/sklearn/neural_network/_multilayer_perceptron.py:785: ConvergenceWarning: Stochastic Optimizer: Maximum iterations (2000) reached and the optimization hasn't converged yet.
  warnings.warn(
/Users/giladgang/momentum_regime/.venv/lib/python3.12/site-packages/sklearn/neural_network/_multilayer_perceptron.py:785: ConvergenceWarning: Stochastic Optimizer: Maximum iterations (2000) reached and the optimization hasn't converged yet.
  warnings.warn(
/Users/giladgang/momentum_regime/.venv/lib/python3.12/site-packages/sklearn/neural_network/_multilayer_perceptron.py:785: ConvergenceWarning: Stochastic Optimizer: Maximum iterations (2000) reached and the optimization hasn't converged yet.
  warnings.warn(
/Users/giladgang/momentum_regime/.venv/lib/python3.12/site-packages/sklearn/neural_network/_multilayer_perceptron.py:785: ConvergenceWarning: Stochastic Optimizer: Maximum iterations (2000) reached and the optimization hasn't converged yet.
  warnings.warn(
/Users/giladgang/momentum_regime/.venv/lib/python3.12/site-packages/sklearn/neural_network/_multilayer_perceptron.py:785: ConvergenceWarning: Stochastic Optimizer: Maximum iterations (2000) reached and the optimization hasn't converged yet.
  warnings.warn(
/Users/giladgang/momentum_regime/.venv/lib/python3.12/site-packages/sklearn/neural_network/_multilayer_perceptron.py:785: ConvergenceWarning: Stochastic Optimizer: Maximum iterations (2000) reached and the optimization hasn't converged yet.
  warnings.warn(
/Users/giladgang/momentum_regime/.venv/lib/python3.12/site-packages/sklearn/neural_network/_multilayer_perceptron.py:785: ConvergenceWarning: Stochastic Optimizer: Maximum iterations (2000) reached and the optimization hasn't converged yet.
  warnings.warn(
/Users/giladgang/momentum_regime/.venv/lib/python3.12/site-packages/sklearn/neural_network/_multilayer_perceptron.py:785: ConvergenceWarning: Stochastic Optimizer: Maximum iterations (2000) reached and the optimization hasn't converged yet.
  warnings.warn(
/Users/giladgang/momentum_regime/.venv/lib/python3.12/site-packages/sklearn/neural_network/_multilayer_perceptron.py:785: ConvergenceWarning: Stochastic Optimizer: Maximum iterations (2000) reached and the optimization hasn't converged yet.
  warnings.warn(
/Users/giladgang/momentum_regime/.venv/lib/python3.12/site-packages/sklearn/neural_network/_multilayer_perceptron.py:785: ConvergenceWarning: Stochastic Optimizer: Maximum iterations (2000) reached and the optimization hasn't converged yet.
  warnings.warn(
/Users/giladgang/momentum_regime/.venv/lib/python3.12/site-packages/sklearn/neural_network/_multilayer_perceptron.py:785: ConvergenceWarning: Stochastic Optimizer: Maximum iterations (2000) reached and the optimization hasn't converged yet.
  warnings.warn(
/Users/giladgang/momentum_regime/.venv/lib/python3.12/site-packages/sklearn/neural_network/_multilayer_perceptron.py:785: ConvergenceWarning: Stochastic Optimizer: Maximum iterations (2000) reached and the optimization hasn't converged yet.
  warnings.warn(
/Users/giladgang/momentum_regime/.venv/lib/python3.12/site-packages/sklearn/neural_network/_multilayer_perceptron.py:785: ConvergenceWarning: Stochastic Optimizer: Maximum iterations (2000) reached and the optimization hasn't converged yet.
  warnings.warn(
/Users/giladgang/momentum_regime/.venv/lib/python3.12/site-packages/sklearn/neural_network/_multilayer_perceptron.py:785: ConvergenceWarning: Stochastic Optimizer: Maximum iterations (2000) reached and the optimization hasn't converged yet.
  warnings.warn(
/Users/giladgang/momentum_regime/.venv/lib/python3.12/site-packages/sklearn/neural_network/_multilayer_perceptron.py:785: ConvergenceWarning: Stochastic Optimizer: Maximum iterations (2000) reached and the optimization hasn't converged yet.
  warnings.warn(
[profitability] lam=2.0 done (38 rows)
/Users/giladgang/momentum_regime/.venv/lib/python3.12/site-packages/sklearn/neural_network/_multilayer_perceptron.py:785: ConvergenceWarning: Stochastic Optimizer: Maximum iterations (2000) reached and the optimization hasn't converged yet.
  warnings.warn(
/Users/giladgang/momentum_regime/.venv/lib/python3.12/site-packages/sklearn/neural_network/_multilayer_perceptron.py:785: ConvergenceWarning: Stochastic Optimizer: Maximum iterations (2000) reached and the optimization hasn't converged yet.
  warnings.warn(
/Users/giladgang/momentum_regime/.venv/lib/python3.12/site-packages/sklearn/neural_network/_multilayer_perceptron.py:785: ConvergenceWarning: Stochastic Optimizer: Maximum iterations (2000) reached and the optimization hasn't converged yet.
  warnings.warn(
/Users/giladgang/momentum_regime/.venv/lib/python3.12/site-packages/sklearn/neural_network/_multilayer_perceptron.py:785: ConvergenceWarning: Stochastic Optimizer: Maximum iterations (2000) reached and the optimization hasn't converged yet.
  warnings.warn(
/Users/giladgang/momentum_regime/.venv/lib/python3.12/site-packages/sklearn/neural_network/_multilayer_perceptron.py:785: ConvergenceWarning: Stochastic Optimizer: Maximum iterations (2000) reached and the optimization hasn't converged yet.
  warnings.warn(
/Users/giladgang/momentum_regime/.venv/lib/python3.12/site-packages/sklearn/neural_network/_multilayer_perceptron.py:785: ConvergenceWarning: Stochastic Optimizer: Maximum iterations (2000) reached and the optimization hasn't converged yet.
  warnings.warn(
/Users/giladgang/momentum_regime/.venv/lib/python3.12/site-packages/sklearn/neural_network/_multilayer_perceptron.py:785: ConvergenceWarning: Stochastic Optimizer: Maximum iterations (2000) reached and the optimization hasn't converged yet.
  warnings.warn(
/Users/giladgang/momentum_regime/.venv/lib/python3.12/site-packages/sklearn/neural_network/_multilayer_perceptron.py:785: ConvergenceWarning: Stochastic Optimizer: Maximum iterations (2000) reached and the optimization hasn't converged yet.
  warnings.warn(
/Users/giladgang/momentum_regime/.venv/lib/python3.12/site-packages/sklearn/neural_network/_multilayer_perceptron.py:785: ConvergenceWarning: Stochastic Optimizer: Maximum iterations (2000) reached and the optimization hasn't converged yet.
  warnings.warn(
/Users/giladgang/momentum_regime/.venv/lib/python3.12/site-packages/sklearn/neural_network/_multilayer_perceptron.py:785: ConvergenceWarning: Stochastic Optimizer: Maximum iterations (2000) reached and the optimization hasn't converged yet.
  warnings.warn(
/Users/giladgang/momentum_regime/.venv/lib/python3.12/site-packages/sklearn/neural_network/_multilayer_perceptron.py:785: ConvergenceWarning: Stochastic Optimizer: Maximum iterations (2000) reached and the optimization hasn't converged yet.
  warnings.warn(
/Users/giladgang/momentum_regime/.venv/lib/python3.12/site-packages/sklearn/neural_network/_multilayer_perceptron.py:785: ConvergenceWarning: Stochastic Optimizer: Maximum iterations (2000) reached and the optimization hasn't converged yet.
  warnings.warn(
/Users/giladgang/momentum_regime/.venv/lib/python3.12/site-packages/sklearn/neural_network/_multilayer_perceptron.py:785: ConvergenceWarning: Stochastic Optimizer: Maximum iterations (2000) reached and the optimization hasn't converged yet.
  warnings.warn(
/Users/giladgang/momentum_regime/.venv/lib/python3.12/site-packages/sklearn/neural_network/_multilayer_perceptron.py:785: ConvergenceWarning: Stochastic Optimizer: Maximum iterations (2000) reached and the optimization hasn't converged yet.
  warnings.warn(
/Users/giladgang/momentum_regime/.venv/lib/python3.12/site-packages/sklearn/neural_network/_multilayer_perceptron.py:785: ConvergenceWarning: Stochastic Optimizer: Maximum iterations (2000) reached and the optimization hasn't converged yet.
  warnings.warn(
/Users/giladgang/momentum_regime/.venv/lib/python3.12/site-packages/sklearn/neural_network/_multilayer_perceptron.py:785: ConvergenceWarning: Stochastic Optimizer: Maximum iterations (2000) reached and the optimization hasn't converged yet.
  warnings.warn(
/Users/giladgang/momentum_regime/.venv/lib/python3.12/site-packages/sklearn/neural_network/_multilayer_perceptron.py:785: ConvergenceWarning: Stochastic Optimizer: Maximum iterations (2000) reached and the optimization hasn't converged yet.
  warnings.warn(
/Users/giladgang/momentum_regime/.venv/lib/python3.12/site-packages/sklearn/neural_network/_multilayer_perceptron.py:785: ConvergenceWarning: Stochastic Optimizer: Maximum iterations (2000) reached and the optimization hasn't converged yet.
  warnings.warn(
[profitability] lam=5.0 done (47 rows)
     strategy                arm  lam  oos_start  n_mo  net_ann  to_mo  net_ir  minus_static   ci_lo  ci_hi      p  net_ir_2013     obj
profitability            monthly  0.0       2001   299   0.0165 0.0523  0.3288        0.0819 -0.2170 0.3481 0.5548       0.3539  0.0165
profitability             static  0.0       2001   299   0.0099 0.0260  0.2468        0.0000  0.0000 0.0000 1.0000       0.4469  0.0099
profitability   gbm_conservative  0.0       2001   299   0.0136 0.0273  0.3428        0.0959 -0.0728 0.3075 0.2914       0.4469  0.0136
profitability       gbm_flexible  0.0       2001   299   0.0099 0.0260  0.2468        0.0000  0.0000 0.0000 1.0000       0.4469  0.0099
profitability ridge_conservative  0.0       2001   299   0.0129 0.0282  0.3135        0.0667 -0.0821 0.2148 0.3654       0.4469  0.0129
profitability     ridge_flexible  0.0       2001   299   0.0075 0.0262  0.1849       -0.0619 -0.1724 0.0000 0.3000       0.4469  0.0075
profitability   mlp_conservative  0.0       2001   299   0.0076 0.0261  0.1877       -0.0591 -0.1650 0.0000 0.3018       0.4469  0.0076
profitability       mlp_flexible  0.0       2001   299   0.0099 0.0260  0.2468        0.0000  0.0000 0.0000 1.0000       0.4469  0.0099
profitability       rebound_rule  0.0       2001   299   0.0100 0.0259  0.2504        0.0036 -0.0233 0.0322 0.7930       0.4552  0.0100
profitability       cluster_rule  0.0       2001   299   0.0130 0.0282  0.3143        0.0675 -0.0522 0.1929 0.2700       0.5057  0.0130
profitability            monthly  0.5       2001   299   0.0165 0.0523  0.3288       -0.0864 -0.4571 0.2478 0.6350       0.3539 -0.2975
profitability             static  0.5       2001   299   0.0158 0.0183  0.4152        0.0000  0.0000 0.0000 1.0000       0.5753 -0.0941
profitability   gbm_conservative  0.5       2001   299   0.0158 0.0183  0.4152        0.0000  0.0000 0.0000 1.0000       0.5753 -0.0941
profitability       gbm_flexible  0.5       2001   299   0.0158 0.0183  0.4152        0.0000  0.0000 0.0000 1.0000       0.5753 -0.0941
profitability ridge_conservative  0.5       2001   299   0.0158 0.0183  0.4152        0.0000  0.0000 0.0000 1.0000       0.5753 -0.0941
profitability     ridge_flexible  0.5       2001   299   0.0158 0.0183  0.4152        0.0000  0.0000 0.0000 1.0000       0.5753 -0.0941
profitability   mlp_conservative  0.5       2001   299   0.0158 0.0183  0.4152        0.0000  0.0000 0.0000 1.0000       0.5753 -0.0941
profitability       mlp_flexible  0.5       2001   299   0.0158 0.0183  0.4152        0.0000  0.0000 0.0000 1.0000       0.5753 -0.0941
profitability       rebound_rule  0.5       2001   299   0.0156 0.0184  0.4103       -0.0049 -0.0329 0.0162 0.7488       0.5781 -0.0948
profitability            monthly  1.0       2001   299   0.0165 0.0523  0.3288       -0.0864 -0.4571 0.2478 0.6350       0.3539 -0.6114
profitability             static  1.0       2001   299   0.0158 0.0183  0.4152        0.0000  0.0000 0.0000 1.0000       0.5753 -0.2039
profitability   gbm_conservative  1.0       2001   299   0.0158 0.0183  0.4152        0.0000  0.0000 0.0000 1.0000       0.5753 -0.2039
profitability       gbm_flexible  1.0       2001   299   0.0158 0.0183  0.4152        0.0000  0.0000 0.0000 1.0000       0.5753 -0.2039
profitability ridge_conservative  1.0       2001   299   0.0158 0.0183  0.4152        0.0000  0.0000 0.0000 1.0000       0.5753 -0.2039
profitability     ridge_flexible  1.0       2001   299   0.0158 0.0183  0.4152        0.0000  0.0000 0.0000 1.0000       0.5753 -0.2039
profitability   mlp_conservative  1.0       2001   299   0.0158 0.0183  0.4152        0.0000  0.0000 0.0000 1.0000       0.5753 -0.2039
profitability       mlp_flexible  1.0       2001   299   0.0158 0.0183  0.4152        0.0000  0.0000 0.0000 1.0000       0.5753 -0.2039
profitability       rebound_rule  1.0       2001   299   0.0155 0.0182  0.4075       -0.0077 -0.0348 0.0108 0.5392       0.5728 -0.2031
profitability       cluster_rule  1.0       2001   299   0.0158 0.0183  0.4152        0.0000  0.0000 0.0000 1.0000       0.5753 -0.2039
profitability            monthly  2.0       2001   299   0.0165 0.0523  0.3288       -0.0864 -0.4571 0.2478 0.6350       0.3539 -1.2393
profitability             static  2.0       2001   299   0.0158 0.0183  0.4152        0.0000  0.0000 0.0000 1.0000       0.5753 -0.4236
profitability   gbm_conservative  2.0       2001   299   0.0158 0.0183  0.4152        0.0000  0.0000 0.0000 1.0000       0.5753 -0.4236
profitability       gbm_flexible  2.0       2001   299   0.0158 0.0183  0.4152        0.0000  0.0000 0.0000 1.0000       0.5753 -0.4236
profitability ridge_conservative  2.0       2001   299   0.0158 0.0183  0.4152        0.0000  0.0000 0.0000 1.0000       0.5753 -0.4236
profitability     ridge_flexible  2.0       2001   299   0.0158 0.0183  0.4152        0.0000  0.0000 0.0000 1.0000       0.5753 -0.4236
profitability   mlp_conservative  2.0       2001   299   0.0158 0.0183  0.4152        0.0000  0.0000 0.0000 1.0000       0.5753 -0.4236
profitability       mlp_flexible  2.0       2001   299   0.0158 0.0183  0.4152        0.0000  0.0000 0.0000 1.0000       0.5753 -0.4236
profitability       rebound_rule  2.0       2001   299   0.0155 0.0182  0.4075       -0.0077 -0.0348 0.0108 0.5392       0.5728 -0.4216
profitability            monthly  5.0       2001   299   0.0165 0.0523  0.3288       -0.0864 -0.4571 0.2478 0.6350       0.3539 -3.1230
profitability             static  5.0       2001   299   0.0158 0.0183  0.4152        0.0000  0.0000 0.0000 1.0000       0.5753 -1.0827
profitability   gbm_conservative  5.0       2001   299   0.0158 0.0183  0.4152        0.0000  0.0000 0.0000 1.0000       0.5753 -1.0827
profitability       gbm_flexible  5.0       2001   299   0.0158 0.0183  0.4152        0.0000  0.0000 0.0000 1.0000       0.5753 -1.0827
profitability ridge_conservative  5.0       2001   299   0.0158 0.0183  0.4152        0.0000  0.0000 0.0000 1.0000       0.5753 -1.0827
profitability     ridge_flexible  5.0       2001   299   0.0158 0.0183  0.4152        0.0000  0.0000 0.0000 1.0000       0.5753 -1.0827
profitability   mlp_conservative  5.0       2001   299   0.0158 0.0183  0.4152        0.0000  0.0000 0.0000 1.0000       0.5753 -1.0827
profitability       mlp_flexible  5.0       2001   299   0.0158 0.0183  0.4152        0.0000  0.0000 0.0000 1.0000       0.5753 -1.0827
profitability       rebound_rule  5.0       2001   299   0.0155 0.0182  0.4075       -0.0077 -0.0348 0.0108 0.5392       0.5728 -1.0772
