/Users/giladgang/momentum_regime/.venv/lib/python3.12/site-packages/sklearn/neural_network/_multilayer_perceptron.py:785: ConvergenceWarning: Stochastic Optimizer: Maximum iterations (2000) reached and the optimization hasn't converged yet.
  warnings.warn(
/Users/giladgang/momentum_regime/.venv/lib/python3.12/site-packages/sklearn/neural_network/_multilayer_perceptron.py:785: ConvergenceWarning: Stochastic Optimizer: Maximum iterations (2000) reached and the optimization hasn't converged yet.
  warnings.warn(
/Users/giladgang/momentum_regime/.venv/lib/python3.12/site-packages/sklearn/neural_network/_multilayer_perceptron.py:785: ConvergenceWarning: Stochastic Optimizer: Maximum iterations (2000) reached and the optimization hasn't converged yet.
  warnings.warn(
/Users/giladgang/momentum_regime/.venv/lib/python3.12/site-packages/sklearn/neural_network/_multilayer_perceptron.py:785: ConvergenceWarning: Stochastic Optimizer: Maximum iterations (2000) reached and the optimization hasn't converged yet.
  warnings.warn(
/Users/giladgang/momentum_regime/.venv/lib/python3.12/site-packages/sklearn/neural_network/_multilayer_perceptron.py:785: ConvergenceWarning: Stochastic Optimizer: Maximum iterations (2000) reached and the optimization hasn't converged yet.
  warnings.warn(
/Users/giladgang/momentum_regime/.venv/lib/python3.12/site-packages/sklearn/neural_network/_multilayer_perceptron.py:785: ConvergenceWarning: Stochastic Optimizer: Maximum iterations (2000) reached and the optimization hasn't converged yet.
  warnings.warn(
/Users/giladgang/momentum_regime/.venv/lib/python3.12/site-packages/sklearn/neural_network/_multilayer_perceptron.py:785: ConvergenceWarning: Stochastic Optimizer: Maximum iterations (2000) reached and the optimization hasn't converged yet.
  warnings.warn(
/Users/giladgang/momentum_regime/.venv/lib/python3.12/site-packages/sklearn/neural_network/_multilayer_perceptron.py:785: ConvergenceWarning: Stochastic Optimizer: Maximum iterations (2000) reached and the optimization hasn't converged yet.
  warnings.warn(
/Users/giladgang/momentum_regime/.venv/lib/python3.12/site-packages/sklearn/neural_network/_multilayer_perceptron.py:785: ConvergenceWarning: Stochastic Optimizer: Maximum iterations (2000) reached and the optimization hasn't converged yet.
  warnings.warn(
/Users/giladgang/momentum_regime/.venv/lib/python3.12/site-packages/sklearn/neural_network/_multilayer_perceptron.py:785: ConvergenceWarning: Stochastic Optimizer: Maximum iterations (2000) reached and the optimization hasn't converged yet.
  warnings.warn(
/Users/giladgang/momentum_regime/.venv/lib/python3.12/site-packages/sklearn/neural_network/_multilayer_perceptron.py:785: ConvergenceWarning: Stochastic Optimizer: Maximum iterations (2000) reached and the optimization hasn't converged yet.
  warnings.warn(
/Users/giladgang/momentum_regime/.venv/lib/python3.12/site-packages/sklearn/neural_network/_multilayer_perceptron.py:785: ConvergenceWarning: Stochastic Optimizer: Maximum iterations (2000) reached and the optimization hasn't converged yet.
  warnings.warn(
/Users/giladgang/momentum_regime/.venv/lib/python3.12/site-packages/sklearn/neural_network/_multilayer_perceptron.py:785: ConvergenceWarning: Stochastic Optimizer: Maximum iterations (2000) reached and the optimization hasn't converged yet.
  warnings.warn(
[momentum] lam=0.0 done (10 rows)
/Users/giladgang/momentum_regime/.venv/lib/python3.12/site-packages/sklearn/neural_network/_multilayer_perceptron.py:785: ConvergenceWarning: Stochastic Optimizer: Maximum iterations (2000) reached and the optimization hasn't converged yet.
  warnings.warn(
/Users/giladgang/momentum_regime/.venv/lib/python3.12/site-packages/sklearn/neural_network/_multilayer_perceptron.py:785: ConvergenceWarning: Stochastic Optimizer: Maximum iterations (2000) reached and the optimization hasn't converged yet.
  warnings.warn(
/Users/giladgang/momentum_regime/.venv/lib/python3.12/site-packages/sklearn/neural_network/_multilayer_perceptron.py:785: ConvergenceWarning: Stochastic Optimizer: Maximum iterations (2000) reached and the optimization hasn't converged yet.
  warnings.warn(
/Users/giladgang/momentum_regime/.venv/lib/python3.12/site-packages/sklearn/neural_network/_multilayer_perceptron.py:785: ConvergenceWarning: Stochastic Optimizer: Maximum iterations (2000) reached and the optimization hasn't converged yet.
  warnings.warn(
/Users/giladgang/momentum_regime/.venv/lib/python3.12/site-packages/sklearn/neural_network/_multilayer_perceptron.py:785: ConvergenceWarning: Stochastic Optimizer: Maximum iterations (2000) reached and the optimization hasn't converged yet.
  warnings.warn(
/Users/giladgang/momentum_regime/.venv/lib/python3.12/site-packages/sklearn/neural_network/_multilayer_perceptron.py:785: ConvergenceWarning: Stochastic Optimizer: Maximum iterations (2000) reached and the optimization hasn't converged yet.
  warnings.warn(
/Users/giladgang/momentum_regime/.venv/lib/python3.12/site-packages/sklearn/neural_network/_multilayer_perceptron.py:785: ConvergenceWarning: Stochastic Optimizer: Maximum iterations (2000) reached and the optimization hasn't converged yet.
  warnings.warn(
/Users/giladgang/momentum_regime/.venv/lib/python3.12/site-packages/sklearn/neural_network/_multilayer_perceptron.py:785: ConvergenceWarning: Stochastic Optimizer: Maximum iterations (2000) reached and the optimization hasn't converged yet.
  warnings.warn(
/Users/giladgang/momentum_regime/.venv/lib/python3.12/site-packages/sklearn/neural_network/_multilayer_perceptron.py:785: ConvergenceWarning: Stochastic Optimizer: Maximum iterations (2000) reached and the optimization hasn't converged yet.
  warnings.warn(
/Users/giladgang/momentum_regime/.venv/lib/python3.12/site-packages/sklearn/neural_network/_multilayer_perceptron.py:785: ConvergenceWarning: Stochastic Optimizer: Maximum iterations (2000) reached and the optimization hasn't converged yet.
  warnings.warn(
/Users/giladgang/momentum_regime/.venv/lib/python3.12/site-packages/sklearn/neural_network/_multilayer_perceptron.py:785: ConvergenceWarning: Stochastic Optimizer: Maximum iterations (2000) reached and the optimization hasn't converged yet.
  warnings.warn(
/Users/giladgang/momentum_regime/.venv/lib/python3.12/site-packages/sklearn/neural_network/_multilayer_perceptron.py:785: ConvergenceWarning: Stochastic Optimizer: Maximum iterations (2000) reached and the optimization hasn't converged yet.
  warnings.warn(
/Users/giladgang/momentum_regime/.venv/lib/python3.12/site-packages/sklearn/neural_network/_multilayer_perceptron.py:785: ConvergenceWarning: Stochastic Optimizer: Maximum iterations (2000) reached and the optimization hasn't converged yet.
  warnings.warn(
/Users/giladgang/momentum_regime/.venv/lib/python3.12/site-packages/sklearn/neural_network/_multilayer_perceptron.py:785: ConvergenceWarning: Stochastic Optimizer: Maximum iterations (2000) reached and the optimization hasn't converged yet.
  warnings.warn(
/Users/giladgang/momentum_regime/.venv/lib/python3.12/site-packages/sklearn/neural_network/_multilayer_perceptron.py:785: ConvergenceWarning: Stochastic Optimizer: Maximum iterations (2000) reached and the optimization hasn't converged yet.
  warnings.warn(
/Users/giladgang/momentum_regime/.venv/lib/python3.12/site-packages/sklearn/neural_network/_multilayer_perceptron.py:785: ConvergenceWarning: Stochastic Optimizer: Maximum iterations (2000) reached and the optimization hasn't converged yet.
  warnings.warn(
[momentum] lam=0.5 done (19 rows)
/Users/giladgang/momentum_regime/.venv/lib/python3.12/site-packages/sklearn/neural_network/_multilayer_perceptron.py:785: ConvergenceWarning: Stochastic Optimizer: Maximum iterations (2000) reached and the optimization hasn't converged yet.
  warnings.warn(
/Users/giladgang/momentum_regime/.venv/lib/python3.12/site-packages/sklearn/neural_network/_multilayer_perceptron.py:785: ConvergenceWarning: Stochastic Optimizer: Maximum iterations (2000) reached and the optimization hasn't converged yet.
  warnings.warn(
/Users/giladgang/momentum_regime/.venv/lib/python3.12/site-packages/sklearn/neural_network/_multilayer_perceptron.py:785: ConvergenceWarning: Stochastic Optimizer: Maximum iterations (2000) reached and the optimization hasn't converged yet.
  warnings.warn(
/Users/giladgang/momentum_regime/.venv/lib/python3.12/site-packages/sklearn/neural_network/_multilayer_perceptron.py:785: ConvergenceWarning: Stochastic Optimizer: Maximum iterations (2000) reached and the optimization hasn't converged yet.
  warnings.warn(
/Users/giladgang/momentum_regime/.venv/lib/python3.12/site-packages/sklearn/neural_network/_multilayer_perceptron.py:785: ConvergenceWarning: Stochastic Optimizer: Maximum iterations (2000) reached and the optimization hasn't converged yet.
  warnings.warn(
/Users/giladgang/momentum_regime/.venv/lib/python3.12/site-packages/sklearn/neural_network/_multilayer_perceptron.py:785: ConvergenceWarning: Stochastic Optimizer: Maximum iterations (2000) reached and the optimization hasn't converged yet.
  warnings.warn(
/Users/giladgang/momentum_regime/.venv/lib/python3.12/site-packages/sklearn/neural_network/_multilayer_perceptron.py:785: ConvergenceWarning: Stochastic Optimizer: Maximum iterations (2000) reached and the optimization hasn't converged yet.
  warnings.warn(
/Users/giladgang/momentum_regime/.venv/lib/python3.12/site-packages/sklearn/neural_network/_multilayer_perceptron.py:785: ConvergenceWarning: Stochastic Optimizer: Maximum iterations (2000) reached and the optimization hasn't converged yet.
  warnings.warn(
/Users/giladgang/momentum_regime/.venv/lib/python3.12/site-packages/sklearn/neural_network/_multilayer_perceptron.py:785: ConvergenceWarning: Stochastic Optimizer: Maximum iterations (2000) reached and the optimization hasn't converged yet.
  warnings.warn(
/Users/giladgang/momentum_regime/.venv/lib/python3.12/site-packages/sklearn/neural_network/_multilayer_perceptron.py:785: ConvergenceWarning: Stochastic Optimizer: Maximum iterations (2000) reached and the optimization hasn't converged yet.
  warnings.warn(
/Users/giladgang/momentum_regime/.venv/lib/python3.12/site-packages/sklearn/neural_network/_multilayer_perceptron.py:785: ConvergenceWarning: Stochastic Optimizer: Maximum iterations (2000) reached and the optimization hasn't converged yet.
  warnings.warn(
/Users/giladgang/momentum_regime/.venv/lib/python3.12/site-packages/sklearn/neural_network/_multilayer_perceptron.py:785: ConvergenceWarning: Stochastic Optimizer: Maximum iterations (2000) reached and the optimization hasn't converged yet.
  warnings.warn(
/Users/giladgang/momentum_regime/.venv/lib/python3.12/site-packages/sklearn/neural_network/_multilayer_perceptron.py:785: ConvergenceWarning: Stochastic Optimizer: Maximum iterations (2000) reached and the optimization hasn't converged yet.
  warnings.warn(
/Users/giladgang/momentum_regime/.venv/lib/python3.12/site-packages/sklearn/neural_network/_multilayer_perceptron.py:785: ConvergenceWarning: Stochastic Optimizer: Maximum iterations (2000) reached and the optimization hasn't converged yet.
  warnings.warn(
/Users/giladgang/momentum_regime/.venv/lib/python3.12/site-packages/sklearn/neural_network/_multilayer_perceptron.py:785: ConvergenceWarning: Stochastic Optimizer: Maximum iterations (2000) reached and the optimization hasn't converged yet.
  warnings.warn(
/Users/giladgang/momentum_regime/.venv/lib/python3.12/site-packages/sklearn/neural_network/_multilayer_perceptron.py:785: ConvergenceWarning: Stochastic Optimizer: Maximum iterations (2000) reached and the optimization hasn't converged yet.
  warnings.warn(
/Users/giladgang/momentum_regime/.venv/lib/python3.12/site-packages/sklearn/neural_network/_multilayer_perceptron.py:785: ConvergenceWarning: Stochastic Optimizer: Maximum iterations (2000) reached and the optimization hasn't converged yet.
  warnings.warn(
/Users/giladgang/momentum_regime/.venv/lib/python3.12/site-packages/sklearn/neural_network/_multilayer_perceptron.py:785: ConvergenceWarning: Stochastic Optimizer: Maximum iterations (2000) reached and the optimization hasn't converged yet.
  warnings.warn(
[momentum] lam=1.0 done (29 rows)
/Users/giladgang/momentum_regime/.venv/lib/python3.12/site-packages/sklearn/neural_network/_multilayer_perceptron.py:785: ConvergenceWarning: Stochastic Optimizer: Maximum iterations (2000) reached and the optimization hasn't converged yet.
  warnings.warn(
/Users/giladgang/momentum_regime/.venv/lib/python3.12/site-packages/sklearn/neural_network/_multilayer_perceptron.py:785: ConvergenceWarning: Stochastic Optimizer: Maximum iterations (2000) reached and the optimization hasn't converged yet.
  warnings.warn(
/Users/giladgang/momentum_regime/.venv/lib/python3.12/site-packages/sklearn/neural_network/_multilayer_perceptron.py:785: ConvergenceWarning: Stochastic Optimizer: Maximum iterations (2000) reached and the optimization hasn't converged yet.
  warnings.warn(
/Users/giladgang/momentum_regime/.venv/lib/python3.12/site-packages/sklearn/neural_network/_multilayer_perceptron.py:785: ConvergenceWarning: Stochastic Optimizer: Maximum iterations (2000) reached and the optimization hasn't converged yet.
  warnings.warn(
/Users/giladgang/momentum_regime/.venv/lib/python3.12/site-packages/sklearn/neural_network/_multilayer_perceptron.py:785: ConvergenceWarning: Stochastic Optimizer: Maximum iterations (2000) reached and the optimization hasn't converged yet.
  warnings.warn(
/Users/giladgang/momentum_regime/.venv/lib/python3.12/site-packages/sklearn/neural_network/_multilayer_perceptron.py:785: ConvergenceWarning: Stochastic Optimizer: Maximum iterations (2000) reached and the optimization hasn't converged yet.
  warnings.warn(
/Users/giladgang/momentum_regime/.venv/lib/python3.12/site-packages/sklearn/neural_network/_multilayer_perceptron.py:785: ConvergenceWarning: Stochastic Optimizer: Maximum iterations (2000) reached and the optimization hasn't converged yet.
  warnings.warn(
/Users/giladgang/momentum_regime/.venv/lib/python3.12/site-packages/sklearn/neural_network/_multilayer_perceptron.py:785: ConvergenceWarning: Stochastic Optimizer: Maximum iterations (2000) reached and the optimization hasn't converged yet.
  warnings.warn(
/Users/giladgang/momentum_regime/.venv/lib/python3.12/site-packages/sklearn/neural_network/_multilayer_perceptron.py:785: ConvergenceWarning: Stochastic Optimizer: Maximum iterations (2000) reached and the optimization hasn't converged yet.
  warnings.warn(
/Users/giladgang/momentum_regime/.venv/lib/python3.12/site-packages/sklearn/neural_network/_multilayer_perceptron.py:785: ConvergenceWarning: Stochastic Optimizer: Maximum iterations (2000) reached and the optimization hasn't converged yet.
  warnings.warn(
/Users/giladgang/momentum_regime/.venv/lib/python3.12/site-packages/sklearn/neural_network/_multilayer_perceptron.py:785: ConvergenceWarning: Stochastic Optimizer: Maximum iterations (2000) reached and the optimization hasn't converged yet.
  warnings.warn(
/Users/giladgang/momentum_regime/.venv/lib/python3.12/site-packages/sklearn/neural_network/_multilayer_perceptron.py:785: ConvergenceWarning: Stochastic Optimizer: Maximum iterations (2000) reached and the optimization hasn't converged yet.
  warnings.warn(
/Users/giladgang/momentum_regime/.venv/lib/python3.12/site-packages/sklearn/neural_network/_multilayer_perceptron.py:785: ConvergenceWarning: Stochastic Optimizer: Maximum iterations (2000) reached and the optimization hasn't converged yet.
  warnings.warn(
/Users/giladgang/momentum_regime/.venv/lib/python3.12/site-packages/sklearn/neural_network/_multilayer_perceptron.py:785: ConvergenceWarning: Stochastic Optimizer: Maximum iterations (2000) reached and the optimization hasn't converged yet.
  warnings.warn(
[momentum] lam=2.0 done (38 rows)
/Users/giladgang/momentum_regime/.venv/lib/python3.12/site-packages/sklearn/neural_network/_multilayer_perceptron.py:785: ConvergenceWarning: Stochastic Optimizer: Maximum iterations (2000) reached and the optimization hasn't converged yet.
  warnings.warn(
/Users/giladgang/momentum_regime/.venv/lib/python3.12/site-packages/sklearn/neural_network/_multilayer_perceptron.py:785: ConvergenceWarning: Stochastic Optimizer: Maximum iterations (2000) reached and the optimization hasn't converged yet.
  warnings.warn(
/Users/giladgang/momentum_regime/.venv/lib/python3.12/site-packages/sklearn/neural_network/_multilayer_perceptron.py:785: ConvergenceWarning: Stochastic Optimizer: Maximum iterations (2000) reached and the optimization hasn't converged yet.
  warnings.warn(
/Users/giladgang/momentum_regime/.venv/lib/python3.12/site-packages/sklearn/neural_network/_multilayer_perceptron.py:785: ConvergenceWarning: Stochastic Optimizer: Maximum iterations (2000) reached and the optimization hasn't converged yet.
  warnings.warn(
/Users/giladgang/momentum_regime/.venv/lib/python3.12/site-packages/sklearn/neural_network/_multilayer_perceptron.py:785: ConvergenceWarning: Stochastic Optimizer: Maximum iterations (2000) reached and the optimization hasn't converged yet.
  warnings.warn(
/Users/giladgang/momentum_regime/.venv/lib/python3.12/site-packages/sklearn/neural_network/_multilayer_perceptron.py:785: ConvergenceWarning: Stochastic Optimizer: Maximum iterations (2000) reached and the optimization hasn't converged yet.
  warnings.warn(
/Users/giladgang/momentum_regime/.venv/lib/python3.12/site-packages/sklearn/neural_network/_multilayer_perceptron.py:785: ConvergenceWarning: Stochastic Optimizer: Maximum iterations (2000) reached and the optimization hasn't converged yet.
  warnings.warn(
/Users/giladgang/momentum_regime/.venv/lib/python3.12/site-packages/sklearn/neural_network/_multilayer_perceptron.py:785: ConvergenceWarning: Stochastic Optimizer: Maximum iterations (2000) reached and the optimization hasn't converged yet.
  warnings.warn(
/Users/giladgang/momentum_regime/.venv/lib/python3.12/site-packages/sklearn/neural_network/_multilayer_perceptron.py:785: ConvergenceWarning: Stochastic Optimizer: Maximum iterations (2000) reached and the optimization hasn't converged yet.
  warnings.warn(
/Users/giladgang/momentum_regime/.venv/lib/python3.12/site-packages/sklearn/neural_network/_multilayer_perceptron.py:785: ConvergenceWarning: Stochastic Optimizer: Maximum iterations (2000) reached and the optimization hasn't converged yet.
  warnings.warn(
/Users/giladgang/momentum_regime/.venv/lib/python3.12/site-packages/sklearn/neural_network/_multilayer_perceptron.py:785: ConvergenceWarning: Stochastic Optimizer: Maximum iterations (2000) reached and the optimization hasn't converged yet.
  warnings.warn(
/Users/giladgang/momentum_regime/.venv/lib/python3.12/site-packages/sklearn/neural_network/_multilayer_perceptron.py:785: ConvergenceWarning: Stochastic Optimizer: Maximum iterations (2000) reached and the optimization hasn't converged yet.
  warnings.warn(
/Users/giladgang/momentum_regime/.venv/lib/python3.12/site-packages/sklearn/neural_network/_multilayer_perceptron.py:785: ConvergenceWarning: Stochastic Optimizer: Maximum iterations (2000) reached and the optimization hasn't converged yet.
  warnings.warn(
/Users/giladgang/momentum_regime/.venv/lib/python3.12/site-packages/sklearn/neural_network/_multilayer_perceptron.py:785: ConvergenceWarning: Stochastic Optimizer: Maximum iterations (2000) reached and the optimization hasn't converged yet.
  warnings.warn(
[momentum] lam=5.0 done (47 rows)
strategy                arm  lam  oos_start  n_mo  net_ann  to_mo  net_ir  minus_static   ci_lo  ci_hi      p  net_ir_2013      obj
momentum            monthly  0.0       2001   299   0.0055 0.3465  0.0423        0.0403 -0.0678 0.1579 0.5142       0.2362   0.0055
momentum             static  0.0       2001   299   0.0002 0.2402  0.0020        0.0000  0.0000 0.0000 1.0000       0.1165   0.0002
momentum   gbm_conservative  0.0       2001   299   0.0002 0.2402  0.0020        0.0000  0.0000 0.0000 1.0000       0.1165   0.0002
momentum       gbm_flexible  0.0       2001   299   0.0002 0.2402  0.0020        0.0000  0.0000 0.0000 1.0000       0.1165   0.0002
momentum ridge_conservative  0.0       2001   299   0.0002 0.2402  0.0020        0.0000  0.0000 0.0000 1.0000       0.1165   0.0002
momentum     ridge_flexible  0.0       2001   299   0.0002 0.2402  0.0020        0.0000  0.0000 0.0000 1.0000       0.1165   0.0002
momentum   mlp_conservative  0.0       2001   299  -0.0009 0.2396 -0.0074       -0.0094 -0.0318 0.0027 0.4708       0.1165  -0.0009
momentum       mlp_flexible  0.0       2001   299   0.0002 0.2402  0.0020        0.0000  0.0000 0.0000 1.0000       0.1165   0.0002
momentum       rebound_rule  0.0       2001   299   0.0150 0.2112  0.1230        0.1210  0.0230 0.2500 0.0054       0.3588   0.0150
momentum       cluster_rule  0.0       2001   299   0.0128 0.2005  0.1088        0.1068  0.0075 0.2351 0.0314       0.3183   0.0128
momentum            monthly  0.5       2001   299   0.0055 0.3465  0.0423       -0.0531 -0.2944 0.1669 0.6418       0.2362  -2.0735
momentum             static  0.5       2001   299   0.0098 0.1196  0.0954        0.0000  0.0000 0.0000 1.0000       0.2496  -0.7077
momentum   gbm_conservative  0.5       2001   299   0.0098 0.1196  0.0954        0.0000  0.0000 0.0000 1.0000       0.2496  -0.7077
momentum       gbm_flexible  0.5       2001   299   0.0098 0.1196  0.0954        0.0000  0.0000 0.0000 1.0000       0.2496  -0.7077
momentum ridge_conservative  0.5       2001   299   0.0098 0.1196  0.0954        0.0000  0.0000 0.0000 1.0000       0.2496  -0.7077
momentum     ridge_flexible  0.5       2001   299   0.0098 0.1196  0.0954        0.0000  0.0000 0.0000 1.0000       0.2496  -0.7077
momentum   mlp_conservative  0.5       2001   299   0.0098 0.1196  0.0954        0.0000  0.0000 0.0000 1.0000       0.2496  -0.7077
momentum       mlp_flexible  0.5       2001   299   0.0098 0.1196  0.0954        0.0000  0.0000 0.0000 1.0000       0.2496  -0.7077
momentum       rebound_rule  0.5       2001   299   0.0083 0.1033  0.0811       -0.0143 -0.1083 0.0609 0.8278       0.2758  -0.6114
momentum            monthly  1.0       2001   299   0.0055 0.3465  0.0423       -0.0531 -0.2944 0.1669 0.6418       0.2362  -4.1525
momentum             static  1.0       2001   299   0.0098 0.1196  0.0954        0.0000  0.0000 0.0000 1.0000       0.2496  -1.4253
momentum   gbm_conservative  1.0       2001   299   0.0098 0.1196  0.0954        0.0000  0.0000 0.0000 1.0000       0.2496  -1.4253
momentum       gbm_flexible  1.0       2001   299   0.0098 0.1196  0.0954        0.0000  0.0000 0.0000 1.0000       0.2496  -1.4253
momentum ridge_conservative  1.0       2001   299   0.0098 0.1196  0.0954        0.0000  0.0000 0.0000 1.0000       0.2496  -1.4253
momentum     ridge_flexible  1.0       2001   299   0.0086 0.1200  0.0827       -0.0127 -0.0378 0.0015 0.2218       0.2496  -1.4312
momentum   mlp_conservative  1.0       2001   299   0.0098 0.1196  0.0954        0.0000  0.0000 0.0000 1.0000       0.2496  -1.4253
momentum       mlp_flexible  1.0       2001   299   0.0098 0.1196  0.0954        0.0000  0.0000 0.0000 1.0000       0.2496  -1.4253
momentum       rebound_rule  1.0       2001   299   0.0083 0.1033  0.0811       -0.0143 -0.1083 0.0609 0.8278       0.2758  -1.2311
momentum       cluster_rule  1.0       2001   299   0.0098 0.1196  0.0954        0.0000  0.0000 0.0000 1.0000       0.2496  -1.4253
momentum            monthly  2.0       2001   299   0.0055 0.3465  0.0423       -0.0531 -0.2944 0.1669 0.6418       0.2362  -8.3104
momentum             static  2.0       2001   299   0.0098 0.1196  0.0954        0.0000  0.0000 0.0000 1.0000       0.2496  -2.8604
momentum   gbm_conservative  2.0       2001   299   0.0098 0.1196  0.0954        0.0000  0.0000 0.0000 1.0000       0.2496  -2.8604
momentum       gbm_flexible  2.0       2001   299   0.0098 0.1196  0.0954        0.0000  0.0000 0.0000 1.0000       0.2496  -2.8604
momentum ridge_conservative  2.0       2001   299   0.0098 0.1196  0.0954        0.0000  0.0000 0.0000 1.0000       0.2496  -2.8604
momentum     ridge_flexible  2.0       2001   299   0.0070 0.1203  0.0671       -0.0283 -0.0708 0.0000 0.0532       0.2150  -2.8802
momentum   mlp_conservative  2.0       2001   299   0.0098 0.1196  0.0954        0.0000  0.0000 0.0000 1.0000       0.2496  -2.8604
momentum       mlp_flexible  2.0       2001   299   0.0098 0.1196  0.0954        0.0000  0.0000 0.0000 1.0000       0.2496  -2.8604
momentum       rebound_rule  2.0       2001   299   0.0083 0.1033  0.0811       -0.0143 -0.1083 0.0609 0.8278       0.2758  -2.4705
momentum            monthly  5.0       2001   299   0.0055 0.3465  0.0423       -0.0531 -0.2944 0.1669 0.6418       0.2362 -20.7842
momentum             static  5.0       2001   299   0.0098 0.1196  0.0954        0.0000  0.0000 0.0000 1.0000       0.2496  -7.1658
momentum   gbm_conservative  5.0       2001   299   0.0098 0.1196  0.0954        0.0000  0.0000 0.0000 1.0000       0.2496  -7.1658
momentum       gbm_flexible  5.0       2001   299   0.0098 0.1196  0.0954        0.0000  0.0000 0.0000 1.0000       0.2496  -7.1658
momentum ridge_conservative  5.0       2001   299   0.0098 0.1196  0.0954        0.0000  0.0000 0.0000 1.0000       0.2496  -7.1658
momentum     ridge_flexible  5.0       2001   299   0.0084 0.1202  0.0806       -0.0148 -0.0414 0.0000 0.2622       0.2496  -7.2063
momentum   mlp_conservative  5.0       2001   299   0.0098 0.1196  0.0954        0.0000  0.0000 0.0000 1.0000       0.2496  -7.1658
momentum       mlp_flexible  5.0       2001   299   0.0098 0.1196  0.0954        0.0000  0.0000 0.0000 1.0000       0.2496  -7.1658
momentum       rebound_rule  5.0       2001   299   0.0083 0.1033  0.0811       -0.0143 -0.1083 0.0609 0.8278       0.2758  -6.1888
