/Users/giladgang/momentum_regime/.venv/lib/python3.12/site-packages/sklearn/neural_network/_multilayer_perceptron.py:785: ConvergenceWarning: Stochastic Optimizer: Maximum iterations (2000) reached and the optimization hasn't converged yet.
  warnings.warn(
/Users/giladgang/momentum_regime/.venv/lib/python3.12/site-packages/sklearn/neural_network/_multilayer_perceptron.py:785: ConvergenceWarning: Stochastic Optimizer: Maximum iterations (2000) reached and the optimization hasn't converged yet.
  warnings.warn(
/Users/giladgang/momentum_regime/.venv/lib/python3.12/site-packages/sklearn/neural_network/_multilayer_perceptron.py:785: ConvergenceWarning: Stochastic Optimizer: Maximum iterations (2000) reached and the optimization hasn't converged yet.
  warnings.warn(
/Users/giladgang/momentum_regime/.venv/lib/python3.12/site-packages/sklearn/neural_network/_multilayer_perceptron.py:785: ConvergenceWarning: Stochastic Optimizer: Maximum iterations (2000) reached and the optimization hasn't converged yet.
  warnings.warn(
/Users/giladgang/momentum_regime/.venv/lib/python3.12/site-packages/sklearn/neural_network/_multilayer_perceptron.py:785: ConvergenceWarning: Stochastic Optimizer: Maximum iterations (2000) reached and the optimization hasn't converged yet.
  warnings.warn(
/Users/giladgang/momentum_regime/.venv/lib/python3.12/site-packages/sklearn/neural_network/_multilayer_perceptron.py:785: ConvergenceWarning: Stochastic Optimizer: Maximum iterations (2000) reached and the optimization hasn't converged yet.
  warnings.warn(
/Users/giladgang/momentum_regime/.venv/lib/python3.12/site-packages/sklearn/neural_network/_multilayer_perceptron.py:785: ConvergenceWarning: Stochastic Optimizer: Maximum iterations (2000) reached and the optimization hasn't converged yet.
  warnings.warn(
/Users/giladgang/momentum_regime/.venv/lib/python3.12/site-packages/sklearn/neural_network/_multilayer_perceptron.py:785: ConvergenceWarning: Stochastic Optimizer: Maximum iterations (2000) reached and the optimization hasn't converged yet.
  warnings.warn(
/Users/giladgang/momentum_regime/.venv/lib/python3.12/site-packages/sklearn/neural_network/_multilayer_perceptron.py:785: ConvergenceWarning: Stochastic Optimizer: Maximum iterations (2000) reached and the optimization hasn't converged yet.
  warnings.warn(
/Users/giladgang/momentum_regime/.venv/lib/python3.12/site-packages/sklearn/neural_network/_multilayer_perceptron.py:785: ConvergenceWarning: Stochastic Optimizer: Maximum iterations (2000) reached and the optimization hasn't converged yet.
  warnings.warn(
/Users/giladgang/momentum_regime/.venv/lib/python3.12/site-packages/sklearn/neural_network/_multilayer_perceptron.py:785: ConvergenceWarning: Stochastic Optimizer: Maximum iterations (2000) reached and the optimization hasn't converged yet.
  warnings.warn(
[lowvol] lam=0.0 done (10 rows)
/Users/giladgang/momentum_regime/.venv/lib/python3.12/site-packages/sklearn/neural_network/_multilayer_perceptron.py:785: ConvergenceWarning: Stochastic Optimizer: Maximum iterations (2000) reached and the optimization hasn't converged yet.
  warnings.warn(
/Users/giladgang/momentum_regime/.venv/lib/python3.12/site-packages/sklearn/neural_network/_multilayer_perceptron.py:785: ConvergenceWarning: Stochastic Optimizer: Maximum iterations (2000) reached and the optimization hasn't converged yet.
  warnings.warn(
/Users/giladgang/momentum_regime/.venv/lib/python3.12/site-packages/sklearn/neural_network/_multilayer_perceptron.py:785: ConvergenceWarning: Stochastic Optimizer: Maximum iterations (2000) reached and the optimization hasn't converged yet.
  warnings.warn(
/Users/giladgang/momentum_regime/.venv/lib/python3.12/site-packages/sklearn/neural_network/_multilayer_perceptron.py:785: ConvergenceWarning: Stochastic Optimizer: Maximum iterations (2000) reached and the optimization hasn't converged yet.
  warnings.warn(
/Users/giladgang/momentum_regime/.venv/lib/python3.12/site-packages/sklearn/neural_network/_multilayer_perceptron.py:785: ConvergenceWarning: Stochastic Optimizer: Maximum iterations (2000) reached and the optimization hasn't converged yet.
  warnings.warn(
/Users/giladgang/momentum_regime/.venv/lib/python3.12/site-packages/sklearn/neural_network/_multilayer_perceptron.py:785: ConvergenceWarning: Stochastic Optimizer: Maximum iterations (2000) reached and the optimization hasn't converged yet.
  warnings.warn(
/Users/giladgang/momentum_regime/.venv/lib/python3.12/site-packages/sklearn/neural_network/_multilayer_perceptron.py:785: ConvergenceWarning: Stochastic Optimizer: Maximum iterations (2000) reached and the optimization hasn't converged yet.
  warnings.warn(
/Users/giladgang/momentum_regime/.venv/lib/python3.12/site-packages/sklearn/neural_network/_multilayer_perceptron.py:785: ConvergenceWarning: Stochastic Optimizer: Maximum iterations (2000) reached and the optimization hasn't converged yet.
  warnings.warn(
/Users/giladgang/momentum_regime/.venv/lib/python3.12/site-packages/sklearn/neural_network/_multilayer_perceptron.py:785: ConvergenceWarning: Stochastic Optimizer: Maximum iterations (2000) reached and the optimization hasn't converged yet.
  warnings.warn(
/Users/giladgang/momentum_regime/.venv/lib/python3.12/site-packages/sklearn/neural_network/_multilayer_perceptron.py:785: ConvergenceWarning: Stochastic Optimizer: Maximum iterations (2000) reached and the optimization hasn't converged yet.
  warnings.warn(
[lowvol] lam=0.5 done (19 rows)
/Users/giladgang/momentum_regime/.venv/lib/python3.12/site-packages/sklearn/neural_network/_multilayer_perceptron.py:785: ConvergenceWarning: Stochastic Optimizer: Maximum iterations (2000) reached and the optimization hasn't converged yet.
  warnings.warn(
/Users/giladgang/momentum_regime/.venv/lib/python3.12/site-packages/sklearn/neural_network/_multilayer_perceptron.py:785: ConvergenceWarning: Stochastic Optimizer: Maximum iterations (2000) reached and the optimization hasn't converged yet.
  warnings.warn(
/Users/giladgang/momentum_regime/.venv/lib/python3.12/site-packages/sklearn/neural_network/_multilayer_perceptron.py:785: ConvergenceWarning: Stochastic Optimizer: Maximum iterations (2000) reached and the optimization hasn't converged yet.
  warnings.warn(
/Users/giladgang/momentum_regime/.venv/lib/python3.12/site-packages/sklearn/neural_network/_multilayer_perceptron.py:785: ConvergenceWarning: Stochastic Optimizer: Maximum iterations (2000) reached and the optimization hasn't converged yet.
  warnings.warn(
/Users/giladgang/momentum_regime/.venv/lib/python3.12/site-packages/sklearn/neural_network/_multilayer_perceptron.py:785: ConvergenceWarning: Stochastic Optimizer: Maximum iterations (2000) reached and the optimization hasn't converged yet.
  warnings.warn(
/Users/giladgang/momentum_regime/.venv/lib/python3.12/site-packages/sklearn/neural_network/_multilayer_perceptron.py:785: ConvergenceWarning: Stochastic Optimizer: Maximum iterations (2000) reached and the optimization hasn't converged yet.
  warnings.warn(
/Users/giladgang/momentum_regime/.venv/lib/python3.12/site-packages/sklearn/neural_network/_multilayer_perceptron.py:785: ConvergenceWarning: Stochastic Optimizer: Maximum iterations (2000) reached and the optimization hasn't converged yet.
  warnings.warn(
/Users/giladgang/momentum_regime/.venv/lib/python3.12/site-packages/sklearn/neural_network/_multilayer_perceptron.py:785: ConvergenceWarning: Stochastic Optimizer: Maximum iterations (2000) reached and the optimization hasn't converged yet.
  warnings.warn(
/Users/giladgang/momentum_regime/.venv/lib/python3.12/site-packages/sklearn/neural_network/_multilayer_perceptron.py:785: ConvergenceWarning: Stochastic Optimizer: Maximum iterations (2000) reached and the optimization hasn't converged yet.
  warnings.warn(
/Users/giladgang/momentum_regime/.venv/lib/python3.12/site-packages/sklearn/neural_network/_multilayer_perceptron.py:785: ConvergenceWarning: Stochastic Optimizer: Maximum iterations (2000) reached and the optimization hasn't converged yet.
  warnings.warn(
[lowvol] lam=1.0 done (29 rows)
/Users/giladgang/momentum_regime/.venv/lib/python3.12/site-packages/sklearn/neural_network/_multilayer_perceptron.py:785: ConvergenceWarning: Stochastic Optimizer: Maximum iterations (2000) reached and the optimization hasn't converged yet.
  warnings.warn(
/Users/giladgang/momentum_regime/.venv/lib/python3.12/site-packages/sklearn/neural_network/_multilayer_perceptron.py:785: ConvergenceWarning: Stochastic Optimizer: Maximum iterations (2000) reached and the optimization hasn't converged yet.
  warnings.warn(
/Users/giladgang/momentum_regime/.venv/lib/python3.12/site-packages/sklearn/neural_network/_multilayer_perceptron.py:785: ConvergenceWarning: Stochastic Optimizer: Maximum iterations (2000) reached and the optimization hasn't converged yet.
  warnings.warn(
/Users/giladgang/momentum_regime/.venv/lib/python3.12/site-packages/sklearn/neural_network/_multilayer_perceptron.py:785: ConvergenceWarning: Stochastic Optimizer: Maximum iterations (2000) reached and the optimization hasn't converged yet.
  warnings.warn(
/Users/giladgang/momentum_regime/.venv/lib/python3.12/site-packages/sklearn/neural_network/_multilayer_perceptron.py:785: ConvergenceWarning: Stochastic Optimizer: Maximum iterations (2000) reached and the optimization hasn't converged yet.
  warnings.warn(
/Users/giladgang/momentum_regime/.venv/lib/python3.12/site-packages/sklearn/neural_network/_multilayer_perceptron.py:785: ConvergenceWarning: Stochastic Optimizer: Maximum iterations (2000) reached and the optimization hasn't converged yet.
  warnings.warn(
/Users/giladgang/momentum_regime/.venv/lib/python3.12/site-packages/sklearn/neural_network/_multilayer_perceptron.py:785: ConvergenceWarning: Stochastic Optimizer: Maximum iterations (2000) reached and the optimization hasn't converged yet.
  warnings.warn(
/Users/giladgang/momentum_regime/.venv/lib/python3.12/site-packages/sklearn/neural_network/_multilayer_perceptron.py:785: ConvergenceWarning: Stochastic Optimizer: Maximum iterations (2000) reached and the optimization hasn't converged yet.
  warnings.warn(
/Users/giladgang/momentum_regime/.venv/lib/python3.12/site-packages/sklearn/neural_network/_multilayer_perceptron.py:785: ConvergenceWarning: Stochastic Optimizer: Maximum iterations (2000) reached and the optimization hasn't converged yet.
  warnings.warn(
/Users/giladgang/momentum_regime/.venv/lib/python3.12/site-packages/sklearn/neural_network/_multilayer_perceptron.py:785: ConvergenceWarning: Stochastic Optimizer: Maximum iterations (2000) reached and the optimization hasn't converged yet.
  warnings.warn(
[lowvol] lam=2.0 done (38 rows)
/Users/giladgang/momentum_regime/.venv/lib/python3.12/site-packages/sklearn/neural_network/_multilayer_perceptron.py:785: ConvergenceWarning: Stochastic Optimizer: Maximum iterations (2000) reached and the optimization hasn't converged yet.
  warnings.warn(
/Users/giladgang/momentum_regime/.venv/lib/python3.12/site-packages/sklearn/neural_network/_multilayer_perceptron.py:785: ConvergenceWarning: Stochastic Optimizer: Maximum iterations (2000) reached and the optimization hasn't converged yet.
  warnings.warn(
/Users/giladgang/momentum_regime/.venv/lib/python3.12/site-packages/sklearn/neural_network/_multilayer_perceptron.py:785: ConvergenceWarning: Stochastic Optimizer: Maximum iterations (2000) reached and the optimization hasn't converged yet.
  warnings.warn(
/Users/giladgang/momentum_regime/.venv/lib/python3.12/site-packages/sklearn/neural_network/_multilayer_perceptron.py:785: ConvergenceWarning: Stochastic Optimizer: Maximum iterations (2000) reached and the optimization hasn't converged yet.
  warnings.warn(
/Users/giladgang/momentum_regime/.venv/lib/python3.12/site-packages/sklearn/neural_network/_multilayer_perceptron.py:785: ConvergenceWarning: Stochastic Optimizer: Maximum iterations (2000) reached and the optimization hasn't converged yet.
  warnings.warn(
/Users/giladgang/momentum_regime/.venv/lib/python3.12/site-packages/sklearn/neural_network/_multilayer_perceptron.py:785: ConvergenceWarning: Stochastic Optimizer: Maximum iterations (2000) reached and the optimization hasn't converged yet.
  warnings.warn(
/Users/giladgang/momentum_regime/.venv/lib/python3.12/site-packages/sklearn/neural_network/_multilayer_perceptron.py:785: ConvergenceWarning: Stochastic Optimizer: Maximum iterations (2000) reached and the optimization hasn't converged yet.
  warnings.warn(
/Users/giladgang/momentum_regime/.venv/lib/python3.12/site-packages/sklearn/neural_network/_multilayer_perceptron.py:785: ConvergenceWarning: Stochastic Optimizer: Maximum iterations (2000) reached and the optimization hasn't converged yet.
  warnings.warn(
/Users/giladgang/momentum_regime/.venv/lib/python3.12/site-packages/sklearn/neural_network/_multilayer_perceptron.py:785: ConvergenceWarning: Stochastic Optimizer: Maximum iterations (2000) reached and the optimization hasn't converged yet.
  warnings.warn(
/Users/giladgang/momentum_regime/.venv/lib/python3.12/site-packages/sklearn/neural_network/_multilayer_perceptron.py:785: ConvergenceWarning: Stochastic Optimizer: Maximum iterations (2000) reached and the optimization hasn't converged yet.
  warnings.warn(
[lowvol] lam=5.0 done (47 rows)
strategy                arm  lam  oos_start  n_mo  net_ann  to_mo  net_ir  minus_static   ci_lo   ci_hi      p  net_ir_2013      obj
  lowvol            monthly  0.0       2001   288   0.0022 0.2117  0.0341       -0.0601 -0.1722  0.0440 0.2764      -0.1639   0.0022
  lowvol             static  0.0       2001   288   0.0058 0.1068  0.0942        0.0000  0.0000  0.0000 1.0000      -0.0621   0.0058
  lowvol   gbm_conservative  0.0       2001   288   0.0045 0.1074  0.0711       -0.0231 -0.0691  0.0262 0.3078      -0.0621   0.0045
  lowvol       gbm_flexible  0.0       2001   288  -0.0000 0.1140 -0.0003       -0.0945 -0.1883 -0.0067 0.0348      -0.2024  -0.0000
  lowvol ridge_conservative  0.0       2001   288   0.0057 0.1068  0.0929       -0.0013 -0.0051  0.0017 0.6378      -0.0621   0.0057
  lowvol     ridge_flexible  0.0       2001   288   0.0058 0.1068  0.0942        0.0000  0.0000  0.0000 1.0000      -0.0621   0.0058
  lowvol   mlp_conservative  0.0       2001   288   0.0062 0.1070  0.1011        0.0069 -0.0012  0.0207 0.4566      -0.0621   0.0062
  lowvol       mlp_flexible  0.0       2001   288   0.0020 0.1334  0.0326       -0.0616 -0.1648  0.0252 0.1752      -0.1778   0.0020
  lowvol       rebound_rule  0.0       2001   288   0.0047 0.1058  0.0765       -0.0178 -0.0573  0.0000 0.1102      -0.0621   0.0047
  lowvol       cluster_rule  0.0       2001   288   0.0035 0.0982  0.0587       -0.0355 -0.1125  0.0268 0.2620      -0.1693   0.0035
  lowvol            monthly  0.5       2001   288   0.0022 0.2117  0.0341        0.0133 -0.1522  0.1929 0.8580      -0.1639  -1.2679
  lowvol             static  0.5       2001   288   0.0012 0.0435  0.0208        0.0000  0.0000  0.0000 1.0000      -0.2317  -0.2598
  lowvol   gbm_conservative  0.5       2001   288   0.0003 0.0389  0.0044       -0.0164 -0.0769  0.0524 0.6042      -0.2335  -0.2332
  lowvol       gbm_flexible  0.5       2001   288   0.0013 0.0449  0.0222        0.0014 -0.0690  0.0765 0.9834      -0.2232  -0.2681
  lowvol ridge_conservative  0.5       2001   288  -0.0007 0.0422 -0.0120       -0.0328 -0.0763  0.0102 0.1346      -0.2766  -0.2539
  lowvol     ridge_flexible  0.5       2001   288  -0.0004 0.0416 -0.0076       -0.0284 -0.0773  0.0241 0.2618      -0.2711  -0.2501
  lowvol   mlp_conservative  0.5       2001   288   0.0012 0.0435  0.0208        0.0000  0.0000  0.0000 1.0000      -0.2317  -0.2598
  lowvol       mlp_flexible  0.5       2001   288   0.0013 0.0490  0.0214        0.0006 -0.0802  0.0811 0.9960      -0.2271  -0.2926
  lowvol       rebound_rule  0.5       2001   288   0.0007 0.0397  0.0128       -0.0080 -0.0346  0.0177 0.5144      -0.2552  -0.2376
  lowvol            monthly  1.0       2001   288   0.0022 0.2117  0.0341        0.0133 -0.1522  0.1929 0.8580      -0.1639  -2.5381
  lowvol             static  1.0       2001   288   0.0012 0.0435  0.0208        0.0000  0.0000  0.0000 1.0000      -0.2317  -0.5208
  lowvol   gbm_conservative  1.0       2001   288  -0.0002 0.0392 -0.0034       -0.0243 -0.0843  0.0431 0.4480      -0.2457  -0.4708
  lowvol       gbm_flexible  1.0       2001   288   0.0021 0.0453  0.0354        0.0146 -0.0570  0.0953 0.7070      -0.2114  -0.5419
  lowvol ridge_conservative  1.0       2001   288  -0.0006 0.0421 -0.0102       -0.0310 -0.0739  0.0127 0.1608      -0.2793  -0.5054
  lowvol     ridge_flexible  1.0       2001   288  -0.0008 0.0410 -0.0147       -0.0355 -0.0798  0.0090 0.1204      -0.2699  -0.4929
  lowvol   mlp_conservative  1.0       2001   288   0.0012 0.0435  0.0208        0.0000  0.0000  0.0000 1.0000      -0.2317  -0.5208
  lowvol       mlp_flexible  1.0       2001   288   0.0017 0.0486  0.0292        0.0084 -0.0774  0.0947 0.8338      -0.2013  -0.5810
  lowvol       rebound_rule  1.0       2001   288   0.0007 0.0397  0.0128       -0.0080 -0.0346  0.0177 0.5144      -0.2552  -0.4760
  lowvol       cluster_rule  1.0       2001   288   0.0012 0.0435  0.0208        0.0000  0.0000  0.0000 1.0000      -0.2317  -0.5208
  lowvol            monthly  2.0       2001   288   0.0022 0.2117  0.0341        0.0133 -0.1522  0.1929 0.8580      -0.1639  -5.0784
  lowvol             static  2.0       2001   288   0.0012 0.0435  0.0208        0.0000  0.0000  0.0000 1.0000      -0.2317  -1.0428
  lowvol   gbm_conservative  2.0       2001   288   0.0005 0.0396  0.0089       -0.0119 -0.0723  0.0572 0.7040      -0.2262  -0.9509
  lowvol       gbm_flexible  2.0       2001   288   0.0016 0.0450  0.0266        0.0058 -0.0638  0.0840 0.8830      -0.2105  -1.0792
  lowvol ridge_conservative  2.0       2001   288  -0.0006 0.0421 -0.0097       -0.0305 -0.0734  0.0132 0.1682      -0.2777  -1.0101
  lowvol     ridge_flexible  2.0       2001   288  -0.0005 0.0417 -0.0090       -0.0298 -0.0788  0.0222 0.2358      -0.2764  -1.0003
  lowvol   mlp_conservative  2.0       2001   288   0.0012 0.0435  0.0208        0.0000  0.0000  0.0000 1.0000      -0.2317  -1.0428
  lowvol       mlp_flexible  2.0       2001   288   0.0013 0.0490  0.0222        0.0014 -0.0839  0.0895 0.9786      -0.2278  -1.1749
  lowvol       rebound_rule  2.0       2001   288   0.0007 0.0397  0.0128       -0.0080 -0.0346  0.0177 0.5144      -0.2552  -0.9527
  lowvol            monthly  5.0       2001   288   0.0022 0.2117  0.0341        0.0133 -0.1522  0.1929 0.8580      -0.1639 -12.6994
  lowvol             static  5.0       2001   288   0.0012 0.0435  0.0208        0.0000  0.0000  0.0000 1.0000      -0.2317  -2.6086
  lowvol   gbm_conservative  5.0       2001   288   0.0007 0.0395  0.0115       -0.0093 -0.0705  0.0609 0.7694      -0.2083  -2.3712
  lowvol       gbm_flexible  5.0       2001   288   0.0005 0.0456  0.0082       -0.0126 -0.0783  0.0577 0.7016      -0.2186  -2.7354
  lowvol ridge_conservative  5.0       2001   288  -0.0008 0.0419 -0.0145       -0.0353 -0.0780  0.0070 0.1004      -0.2846  -2.5141
  lowvol     ridge_flexible  5.0       2001   288  -0.0007 0.0410 -0.0120       -0.0328 -0.0767  0.0115 0.1478      -0.2682  -2.4623
  lowvol   mlp_conservative  5.0       2001   288   0.0012 0.0435  0.0208        0.0000  0.0000  0.0000 1.0000      -0.2317  -2.6086
  lowvol       mlp_flexible  5.0       2001   288   0.0013 0.0488  0.0219        0.0011 -0.0796  0.0832 0.9874      -0.2135  -2.9258
  lowvol       rebound_rule  5.0       2001   288   0.0007 0.0397  0.0128       -0.0080 -0.0346  0.0177 0.5144      -0.2552  -2.3827
